vendredi 2 décembre 2022, 23:01:04 (UTC+0100)
setenv SUBJECTS_DIR /DATA_FAST/DATA/Brainstorm_Tuto/practical2022/subs
cd /DATA_FAST/DATA/Brainstorm_Tuto/practical2022/subs/sub-01/surf
/usr/local/freesurfer/bin/mris_preproc --s sub-01 --hemi rh --meas sulc --target fsaverage --out rh.sulc.fsaverage.mgh

Linux icm-meg-le41.icm-institute.org 4.15.0-194-generic #205-Ubuntu SMP Fri Sep 16 19:49:27 UTC 2022 x86_64 x86_64 x86_64 GNU/Linux
$Id: mris_preproc,v 1.76.2.1 2016/08/12 17:55:45 zkaufman Exp $
freesurfer-Linux-centos6_x86_64-stable-pub-v6.0.0-2beb96c
tmpdir is ./tmp.mris_preproc.10097
Src rh sphere.reg
Trg rh sphere.reg




---------------------------------------------------
#@# 1/1 sub-01 vendredi 2 décembre 2022, 23:01:04 (UTC+0100) --------------
-----------------------
mri_surf2surf --srcsubject sub-01 --srchemi rh --srcsurfreg sphere.reg --trgsubject fsaverage --trghemi rh --trgsurfreg sphere.reg --tval ./tmp.mris_preproc.10097/sub-01.1.mgh --sval /DATA_FAST/DATA/Brainstorm_Tuto/practical2022/subs/sub-01/surf/rh.sulc --sfmt curv --noreshape --cortex
Source registration surface changed to sphere.reg
Target registration surface changed to sphere.reg

$Id: mri_surf2surf.c,v 1.103 2015/11/05 22:07:33 greve Exp $

setenv SUBJECTS_DIR /DATA_FAST/DATA/Brainstorm_Tuto/practical2022/subs
cd /DATA_FAST/DATA/Brainstorm_Tuto/practical2022/subs/sub-01/surf
mri_surf2surf --srcsubject sub-01 --srchemi rh --srcsurfreg sphere.reg --trgsubject fsaverage --trghemi rh --trgsurfreg sphere.reg --tval ./tmp.mris_preproc.10097/sub-01.1.mgh --sval /DATA_FAST/DATA/Brainstorm_Tuto/practical2022/subs/sub-01/surf/rh.sulc --sfmt curv --noreshape --cortex 

sysname  Linux
hostname icm-meg-le41.icm-institute.org
machine  x86_64
user     maximilien.chaumon
srcsubject = sub-01
srcval     = /DATA_FAST/DATA/Brainstorm_Tuto/practical2022/subs/sub-01/surf/rh.sulc
srctype    = curv
trgsubject = fsaverage
trgval     = ./tmp.mris_preproc.10097/sub-01.1.mgh
trgtype    = 
srcsurfreg = sphere.reg
trgsurfreg = sphere.reg
srchemi    = rh
trghemi    = rh
frame      = 0
fwhm-in    = 0
fwhm-out   = 0
label-src  = rh.cortex.label
label-trg  = rh.cortex.label
OKToRevFaceOrder  = 1
UseDualHemi = 0
Reading source surface reg /DATA_FAST/DATA/Brainstorm_Tuto/practical2022/subs/sub-01/surf/rh.sphere.reg
Loading source data
Reading curvature file /DATA_FAST/DATA/Brainstorm_Tuto/practical2022/subs/sub-01/surf/rh.sulc
Reading source subject label mask rh.cortex.label
masking the input
Reading target surface reg /DATA_FAST/DATA/Brainstorm_Tuto/practical2022/subs/fsaverage/surf/rh.sphere.reg
Done
Using surf2surf_nnfr()
Mapping Source Volume onto Source Subject Surface
surf2surf_nnfr: building source hash (res=16).
Surf2Surf: Forward Loop (163842)

surf2surf_nnfr: building target hash (res=16).
Surf2Surf: Reverse Loop (140607)
Reverse Loop had 24003 hits
Surf2Surf: Dividing by number of hits (163842)
INFO: nSrcLost = 0
nTrg121 = 145030, nTrgMulti = 18812, MnTrgMultiHits = 2.27594
nSrc121 = 103462, nSrcLost =     0, nSrcMulti = 37145, MnSrcMultiHits = 2.27172
Reading target space mask label rh.cortex.label
masking the input
Saving target data
Saving to ./tmp.mris_preproc.10097/sub-01.1.mgh



-----------------------
mri_concat ./tmp.mris_preproc.10097/sub-01.1.mgh --o rh.sulc.fsaverage.mgh
ninputs = 1
Checking inputs
nframestot = 1
Allocing output
Done allocing
nframes = 1
Writing to rh.sulc.fsaverage.mgh



Cleaning up
-----------------------
rm -r ./tmp.mris_preproc.10097
vendredi 2 décembre 2022, 23:01:08 (UTC+0100)
mris_preproc done
